I'm sorry, but errors were detected in your script. Please correct the
errors listed below, and try again.


File "game/script.rpy", line 35: expected statement.
    name="anon"
        ^

Ren'Py Version: Ren'Py 6.99.13.2919
